`torch_dtype` is deprecated! Use `dtype` instead!
Loading checkpoint shards:   0%|          | 0/2 [00:00<?, ?it/s]Loading checkpoint shards:  50%|█████     | 1/2 [00:00<00:00,  1.24it/s]Loading checkpoint shards: 100%|██████████| 2/2 [00:01<00:00,  2.10it/s]Loading checkpoint shards: 100%|██████████| 2/2 [00:01<00:00,  1.90it/s]
/opt/conda/lib/python3.11/site-packages/peft/config.py:165: UserWarning: Unexpected keyword arguments ['alora_invocation_tokens', 'arrow_config', 'ensure_weight_tying', 'lora_ga_config', 'monteclora_config', 'peft_version', 'use_bdlora', 'velora_config'] for class LoraConfig, these are ignored. This probably means that you're loading a configuration file that was saved using a higher version of the library and additional parameters have been introduced since. It is highly recommended to upgrade the PEFT version before continuing (e.g. by running `pip install -U peft`).
  warnings.warn(
/opt/conda/lib/python3.11/site-packages/peft/tuners/tuners_utils.py:196: UserWarning: Already found a `peft_config` attribute in the model. This will lead to having multiple adapters in the model. Make sure to know what you are doing!
  warnings.warn(
{
 "small-instruct": {
  "attention": "flash_attention_2",
  "arms": {
   "graft_proposed|seed42": {
    "lora_modules": 98,
    "max_change_when_attached": 9.4375,
    "max_residue_after_detach": 0.0,
    "same_top_token_as_base": true
   },
   "graft_proposed|seed43": {
    "lora_modules": 98,
    "max_change_when_attached": 8.5078,
    "max_residue_after_detach": 0.0,
    "same_top_token_as_base": true
   },
   "graft_proposed|seed44": {
    "lora_modules": 98,
    "max_change_when_attached": 9.2812,
    "max_residue_after_detach": 0.0,
    "same_top_token_as_base": true
   },
   "reference_vanilla_lora|seed42": {
    "lora_modules": 196,
    "max_change_when_attached": 7.0938,
    "max_residue_after_detach": 0.0,
    "same_top_token_as_base": true
   },
   "reference_vanilla_lora|seed43": {
    "lora_modules": 196,
    "max_change_when_attached": 6.8262,
    "max_residue_after_detach": 0.0,
    "same_top_token_as_base": true
   },
   "reference_vanilla_lora|seed44": {
    "lora_modules": 196,
    "max_change_when_attached": 7.8574,
    "max_residue_after_detach": 0.0,
    "same_top_token_as_base": true
   },
   "ablation_placement_random|seed42": {
    "lora_modules": 98,
    "max_change_when_attached": 6.0439,
    "max_residue_after_detach": 0.0,
    "same_top_token_as_base": true
   }
  }
 }
}
Loading checkpoint shards:   0%|          | 0/5 [00:00<?, ?it/s]Loading checkpoint shards:  20%|██        | 1/5 [00:00<00:03,  1.18it/s]Loading checkpoint shards:  40%|████      | 2/5 [00:01<00:02,  1.03it/s]Loading checkpoint shards:  60%|██████    | 3/5 [00:02<00:01,  1.10it/s]Loading checkpoint shards:  80%|████████  | 4/5 [00:03<00:00,  1.12it/s]Loading checkpoint shards: 100%|██████████| 5/5 [00:04<00:00,  1.17it/s]Loading checkpoint shards: 100%|██████████| 5/5 [00:04<00:00,  1.14it/s]
{
 "general-instruct": {
  "attention": "eager",
  "arms": {
   "graft_proposed|seed42": {
    "lora_modules": 210,
    "max_change_when_attached": 27.8125,
    "max_residue_after_detach": 0.0,
    "same_top_token_as_base": true
   },
   "graft_proposed|seed43": {
    "lora_modules": 210,
    "max_change_when_attached": 25.25,
    "max_residue_after_detach": 0.0,
    "same_top_token_as_base": true
   },
   "graft_proposed|seed44": {
    "lora_modules": 210,
    "max_change_when_attached": 25.75,
    "max_residue_after_detach": 0.0,
    "same_top_token_as_base": true
   },
   "reference_vanilla_lora|seed42": {
    "lora_modules": 417,
    "max_change_when_attached": 28.5625,
    "max_residue_after_detach": 0.0,
    "same_top_token_as_base": true
   },
   "reference_vanilla_lora|seed43": {
    "lora_modules": 417,
    "max_change_when_attached": 28.0625,
    "max_residue_after_detach": 0.0,
    "same_top_token_as_base": true
   },
   "reference_vanilla_lora|seed44": {
    "lora_modules": 417,
    "max_change_when_attached": 24.625,
    "max_residue_after_detach": 0.0,
    "same_top_token_as_base": true
   },
   "ablation_placement_random|seed42": {
    "lora_modules": 210,
    "max_change_when_attached": 26.4375,
    "max_residue_after_detach": 0.0,
    "same_top_token_as_base": true
   }
  }
 }
}
ADAPTER CHECK PASSED
