autopush: every 1800s from /workspace/Finetune_AgriFair
autopush: preflight ready (ready)
2026-09-06 01:21:31,979 WARNING [artifact_sync] commit-tree produced nothing; snapshot aborted.
2026-09-06T01:21:31Z snapshot skipped or failed
2026-09-06 01:51:32,186 WARNING [artifact_sync] commit-tree produced nothing; snapshot aborted.
2026-09-06T01:51:31Z snapshot skipped or failed
2026-09-06 02:21:34,727 INFO [artifact_sync] Snapshot pushed: 122 files to branch gpu-run-artifacts.
2026-09-06T02:21:32Z snapshot ok
2026-09-06 02:51:37,167 INFO [artifact_sync] Snapshot pushed: 124 files to branch gpu-run-artifacts.
2026-09-06T02:51:34Z snapshot ok
2026-09-06 03:21:39,572 INFO [artifact_sync] Snapshot pushed: 127 files to branch gpu-run-artifacts.
2026-09-06T03:21:37Z snapshot ok
2026-09-06 03:51:42,361 INFO [artifact_sync] Snapshot pushed: 148 files to branch gpu-run-artifacts.
2026-09-06T03:51:39Z snapshot ok
2026-09-06 04:21:45,250 INFO [artifact_sync] Snapshot pushed: 148 files to branch gpu-run-artifacts.
2026-09-06T04:21:42Z snapshot ok
2026-09-06 04:51:47,845 INFO [artifact_sync] Snapshot pushed: 148 files to branch gpu-run-artifacts.
2026-09-06T04:51:45Z snapshot ok
2026-09-06 05:21:50,597 INFO [artifact_sync] Snapshot pushed: 148 files to branch gpu-run-artifacts.
2026-09-06T05:21:47Z snapshot ok
2026-09-06 05:51:53,455 INFO [artifact_sync] Snapshot pushed: 148 files to branch gpu-run-artifacts.
2026-09-06T05:51:50Z snapshot ok
2026-09-06 06:21:56,200 INFO [artifact_sync] Snapshot pushed: 148 files to branch gpu-run-artifacts.
2026-09-06T06:21:53Z snapshot ok
2026-09-06 06:51:59,000 INFO [artifact_sync] Snapshot pushed: 148 files to branch gpu-run-artifacts.
2026-09-06T06:51:56Z snapshot ok
2026-09-06 07:22:01,911 INFO [artifact_sync] Snapshot pushed: 148 files to branch gpu-run-artifacts.
2026-09-06T07:21:59Z snapshot ok
2026-09-06 07:52:04,681 INFO [artifact_sync] Snapshot pushed: 148 files to branch gpu-run-artifacts.
2026-09-06T07:52:01Z snapshot ok
2026-09-06 08:22:07,498 INFO [artifact_sync] Snapshot pushed: 148 files to branch gpu-run-artifacts.
2026-09-06T08:22:04Z snapshot ok
2026-09-06 08:52:10,440 INFO [artifact_sync] Snapshot pushed: 148 files to branch gpu-run-artifacts.
2026-09-06T08:52:07Z snapshot ok
2026-09-06 09:22:13,168 INFO [artifact_sync] Snapshot pushed: 148 files to branch gpu-run-artifacts.
2026-09-06T09:22:10Z snapshot ok
2026-09-06 09:52:15,921 INFO [artifact_sync] Snapshot pushed: 148 files to branch gpu-run-artifacts.
2026-09-06T09:52:13Z snapshot ok
2026-09-06 10:22:18,681 INFO [artifact_sync] Snapshot pushed: 148 files to branch gpu-run-artifacts.
2026-09-06T10:22:15Z snapshot ok
2026-09-06 10:52:21,459 INFO [artifact_sync] Snapshot pushed: 148 files to branch gpu-run-artifacts.
2026-09-06T10:52:18Z snapshot ok
2026-09-06 11:22:24,068 INFO [artifact_sync] Snapshot pushed: 148 files to branch gpu-run-artifacts.
2026-09-06T11:22:21Z snapshot ok
2026-09-06 11:52:26,729 INFO [artifact_sync] Snapshot pushed: 148 files to branch gpu-run-artifacts.
2026-09-06T11:52:24Z snapshot ok
2026-09-06 12:22:29,242 INFO [artifact_sync] Snapshot pushed: 148 files to branch gpu-run-artifacts.
2026-09-06T12:22:26Z snapshot ok
2026-09-06 12:52:32,193 INFO [artifact_sync] Snapshot pushed: 148 files to branch gpu-run-artifacts.
2026-09-06T12:52:29Z snapshot ok
2026-09-06 13:22:34,856 INFO [artifact_sync] Snapshot pushed: 148 files to branch gpu-run-artifacts.
2026-09-06T13:22:32Z snapshot ok
2026-09-06 13:52:37,656 INFO [artifact_sync] Snapshot pushed: 148 files to branch gpu-run-artifacts.
2026-09-06T13:52:34Z snapshot ok
2026-09-06 14:22:40,600 INFO [artifact_sync] Snapshot pushed: 148 files to branch gpu-run-artifacts.
2026-09-06T14:22:37Z snapshot ok
2026-09-06 14:52:43,314 INFO [artifact_sync] Snapshot pushed: 148 files to branch gpu-run-artifacts.
2026-09-06T14:52:40Z snapshot ok
2026-09-06 15:22:46,032 INFO [artifact_sync] Snapshot pushed: 148 files to branch gpu-run-artifacts.
2026-09-06T15:22:43Z snapshot ok
2026-09-06 15:52:48,737 INFO [artifact_sync] Snapshot pushed: 148 files to branch gpu-run-artifacts.
2026-09-06T15:52:46Z snapshot ok
2026-09-06 16:22:51,270 INFO [artifact_sync] Snapshot pushed: 148 files to branch gpu-run-artifacts.
2026-09-06T16:22:48Z snapshot ok
2026-09-06 16:52:54,121 INFO [artifact_sync] Snapshot pushed: 148 files to branch gpu-run-artifacts.
2026-09-06T16:52:51Z snapshot ok
2026-09-06 17:22:56,882 INFO [artifact_sync] Snapshot pushed: 148 files to branch gpu-run-artifacts.
2026-09-06T17:22:54Z snapshot ok
2026-09-06 17:52:59,817 INFO [artifact_sync] Snapshot pushed: 148 files to branch gpu-run-artifacts.
2026-09-06T17:52:56Z snapshot ok
2026-09-06 18:23:02,627 INFO [artifact_sync] Snapshot pushed: 148 files to branch gpu-run-artifacts.
2026-09-06T18:22:59Z snapshot ok
2026-09-06 18:53:05,474 INFO [artifact_sync] Snapshot pushed: 148 files to branch gpu-run-artifacts.
2026-09-06T18:53:02Z snapshot ok
2026-09-06 19:23:08,073 INFO [artifact_sync] Snapshot pushed: 148 files to branch gpu-run-artifacts.
2026-09-06T19:23:05Z snapshot ok
2026-09-06 19:53:10,888 INFO [artifact_sync] Snapshot pushed: 148 files to branch gpu-run-artifacts.
2026-09-06T19:53:08Z snapshot ok
2026-09-06 20:23:13,680 INFO [artifact_sync] Snapshot pushed: 148 files to branch gpu-run-artifacts.
2026-09-06T20:23:10Z snapshot ok
2026-09-06 20:53:16,208 INFO [artifact_sync] Snapshot pushed: 148 files to branch gpu-run-artifacts.
2026-09-06T20:53:13Z snapshot ok
2026-09-06 21:23:18,994 INFO [artifact_sync] Snapshot pushed: 148 files to branch gpu-run-artifacts.
2026-09-06T21:23:16Z snapshot ok
2026-09-06 21:53:21,881 INFO [artifact_sync] Snapshot pushed: 148 files to branch gpu-run-artifacts.
2026-09-06T21:53:19Z snapshot ok
2026-09-06 22:23:24,774 INFO [artifact_sync] Snapshot pushed: 149 files to branch gpu-run-artifacts.
2026-09-06T22:23:21Z snapshot ok
2026-09-06 22:53:27,843 INFO [artifact_sync] Snapshot pushed: 151 files to branch gpu-run-artifacts.
2026-09-06T22:53:24Z snapshot ok
2026-09-06 23:23:30,652 INFO [artifact_sync] Snapshot pushed: 153 files to branch gpu-run-artifacts.
2026-09-06T23:23:27Z snapshot ok
2026-09-06 23:53:33,587 INFO [artifact_sync] Snapshot pushed: 154 files to branch gpu-run-artifacts.
2026-09-06T23:53:30Z snapshot ok
2026-09-07 00:23:36,394 INFO [artifact_sync] Snapshot pushed: 154 files to branch gpu-run-artifacts.
2026-09-07T00:23:33Z snapshot ok
2026-09-07 00:53:39,745 INFO [artifact_sync] Snapshot pushed: 156 files to branch gpu-run-artifacts.
2026-09-07T00:53:36Z snapshot ok
2026-09-07 01:23:42,821 INFO [artifact_sync] Snapshot pushed: 158 files to branch gpu-run-artifacts.
2026-09-07T01:23:39Z snapshot ok
2026-09-07 01:53:46,008 INFO [artifact_sync] Snapshot pushed: 159 files to branch gpu-run-artifacts.
2026-09-07T01:53:42Z snapshot ok
2026-09-07 02:23:49,187 INFO [artifact_sync] Snapshot pushed: 159 files to branch gpu-run-artifacts.
2026-09-07T02:23:46Z snapshot ok
2026-09-07 02:53:52,258 INFO [artifact_sync] Snapshot pushed: 159 files to branch gpu-run-artifacts.
2026-09-07T02:53:49Z snapshot ok
2026-09-07 03:23:56,246 INFO [artifact_sync] Snapshot pushed: 159 files to branch gpu-run-artifacts.
2026-09-07T03:23:52Z snapshot ok
2026-09-07 03:53:59,593 INFO [artifact_sync] Snapshot pushed: 159 files to branch gpu-run-artifacts.
2026-09-07T03:53:56Z snapshot ok
2026-09-07 04:24:02,640 INFO [artifact_sync] Snapshot pushed: 159 files to branch gpu-run-artifacts.
2026-09-07T04:23:59Z snapshot ok
2026-09-07 04:54:05,631 INFO [artifact_sync] Snapshot pushed: 159 files to branch gpu-run-artifacts.
2026-09-07T04:54:02Z snapshot ok
2026-09-07 05:24:08,530 INFO [artifact_sync] Snapshot pushed: 159 files to branch gpu-run-artifacts.
2026-09-07T05:24:05Z snapshot ok
2026-09-07 05:54:11,702 INFO [artifact_sync] Snapshot pushed: 160 files to branch gpu-run-artifacts.
2026-09-07T05:54:08Z snapshot ok
2026-09-07 06:24:14,649 INFO [artifact_sync] Snapshot pushed: 160 files to branch gpu-run-artifacts.
2026-09-07T06:24:11Z snapshot ok
2026-09-07 06:54:17,685 INFO [artifact_sync] Snapshot pushed: 161 files to branch gpu-run-artifacts.
2026-09-07T06:54:14Z snapshot ok
2026-09-07 07:24:20,870 INFO [artifact_sync] Snapshot pushed: 161 files to branch gpu-run-artifacts.
2026-09-07T07:24:17Z snapshot ok
2026-09-07 07:54:24,001 INFO [artifact_sync] Snapshot pushed: 162 files to branch gpu-run-artifacts.
2026-09-07T07:54:20Z snapshot ok
2026-09-07 08:24:27,441 INFO [artifact_sync] Snapshot pushed: 162 files to branch gpu-run-artifacts.
2026-09-07T08:24:24Z snapshot ok
2026-09-07 08:54:30,714 INFO [artifact_sync] Snapshot pushed: 162 files to branch gpu-run-artifacts.
2026-09-07T08:54:27Z snapshot ok
2026-09-07 09:24:33,835 INFO [artifact_sync] Snapshot pushed: 162 files to branch gpu-run-artifacts.
2026-09-07T09:24:30Z snapshot ok
2026-09-07 09:54:37,236 INFO [artifact_sync] Snapshot pushed: 162 files to branch gpu-run-artifacts.
2026-09-07T09:54:33Z snapshot ok
2026-09-07 10:24:40,423 INFO [artifact_sync] Snapshot pushed: 162 files to branch gpu-run-artifacts.
2026-09-07T10:24:37Z snapshot ok
2026-09-07 10:54:43,496 INFO [artifact_sync] Snapshot pushed: 162 files to branch gpu-run-artifacts.
2026-09-07T10:54:40Z snapshot ok
2026-09-07 11:24:46,487 INFO [artifact_sync] Snapshot pushed: 162 files to branch gpu-run-artifacts.
2026-09-07T11:24:43Z snapshot ok
2026-09-07 11:54:49,537 INFO [artifact_sync] Snapshot pushed: 162 files to branch gpu-run-artifacts.
2026-09-07T11:54:46Z snapshot ok
2026-09-07 12:24:52,611 INFO [artifact_sync] Snapshot pushed: 163 files to branch gpu-run-artifacts.
2026-09-07T12:24:49Z snapshot ok
2026-09-07 12:54:55,860 INFO [artifact_sync] Snapshot pushed: 163 files to branch gpu-run-artifacts.
2026-09-07T12:54:52Z snapshot ok
2026-09-07 13:24:58,890 INFO [artifact_sync] Snapshot pushed: 164 files to branch gpu-run-artifacts.
2026-09-07T13:24:55Z snapshot ok
2026-09-07 13:55:01,922 INFO [artifact_sync] Snapshot pushed: 165 files to branch gpu-run-artifacts.
2026-09-07T13:54:58Z snapshot ok
2026-09-07 14:25:05,332 INFO [artifact_sync] Snapshot pushed: 166 files to branch gpu-run-artifacts.
2026-09-07T14:25:01Z snapshot ok
2026-09-07 14:55:08,430 INFO [artifact_sync] Snapshot pushed: 167 files to branch gpu-run-artifacts.
2026-09-07T14:55:05Z snapshot ok
2026-09-07 15:25:11,448 INFO [artifact_sync] Snapshot pushed: 167 files to branch gpu-run-artifacts.
2026-09-07T15:25:08Z snapshot ok
2026-09-07 15:55:14,471 INFO [artifact_sync] Snapshot pushed: 179 files to branch gpu-run-artifacts.
2026-09-07T15:55:11Z snapshot ok
2026-09-07 16:25:17,507 INFO [artifact_sync] Snapshot pushed: 188 files to branch gpu-run-artifacts.
2026-09-07T16:25:14Z snapshot ok
2026-09-07 16:55:20,409 INFO [artifact_sync] Snapshot pushed: 197 files to branch gpu-run-artifacts.
2026-09-07T16:55:17Z snapshot ok
2026-09-07 17:25:23,538 INFO [artifact_sync] Snapshot pushed: 206 files to branch gpu-run-artifacts.
2026-09-07T17:25:20Z snapshot ok
2026-09-07 17:55:26,746 INFO [artifact_sync] Snapshot pushed: 228 files to branch gpu-run-artifacts.
2026-09-07T17:55:23Z snapshot ok
2026-09-07 18:25:29,984 INFO [artifact_sync] Snapshot pushed: 240 files to branch gpu-run-artifacts.
2026-09-07T18:25:26Z snapshot ok
2026-09-07 18:55:33,089 INFO [artifact_sync] Snapshot pushed: 260 files to branch gpu-run-artifacts.
2026-09-07T18:55:29Z snapshot ok
2026-09-07 19:25:36,573 INFO [artifact_sync] Snapshot pushed: 272 files to branch gpu-run-artifacts.
2026-09-07T19:25:33Z snapshot ok
2026-09-07 19:55:40,234 INFO [artifact_sync] Snapshot pushed: 278 files to branch gpu-run-artifacts.
2026-09-07T19:55:36Z snapshot ok
2026-09-07 20:25:43,740 INFO [artifact_sync] Snapshot pushed: 284 files to branch gpu-run-artifacts.
2026-09-07T20:25:40Z snapshot ok
2026-09-07 20:55:47,328 INFO [artifact_sync] Snapshot pushed: 290 files to branch gpu-run-artifacts.
2026-09-07T20:55:43Z snapshot ok
2026-09-07 21:25:50,950 INFO [artifact_sync] Snapshot pushed: 296 files to branch gpu-run-artifacts.
2026-09-07T21:25:47Z snapshot ok
2026-09-07 21:55:54,426 INFO [artifact_sync] Snapshot pushed: 308 files to branch gpu-run-artifacts.
2026-09-07T21:55:50Z snapshot ok
2026-09-07 22:25:57,958 INFO [artifact_sync] Snapshot pushed: 323 files to branch gpu-run-artifacts.
2026-09-07T22:25:54Z snapshot ok
2026-09-07 22:56:01,762 INFO [artifact_sync] Snapshot pushed: 329 files to branch gpu-run-artifacts.
2026-09-07T22:55:57Z snapshot ok
2026-09-07 23:26:05,586 INFO [artifact_sync] Snapshot pushed: 335 files to branch gpu-run-artifacts.
2026-09-07T23:26:01Z snapshot ok
2026-09-07 23:56:11,560 INFO [artifact_sync] Snapshot pushed: 349 files to branch gpu-run-artifacts.
2026-09-07T23:56:05Z snapshot ok
2026-09-08 00:26:15,549 INFO [artifact_sync] Snapshot pushed: 359 files to branch gpu-run-artifacts.
2026-09-08T00:26:11Z snapshot ok
2026-09-08 00:56:19,492 INFO [artifact_sync] Snapshot pushed: 365 files to branch gpu-run-artifacts.
2026-09-08T00:56:15Z snapshot ok
2026-09-08 01:26:23,335 INFO [artifact_sync] Snapshot pushed: 371 files to branch gpu-run-artifacts.
2026-09-08T01:26:19Z snapshot ok
2026-09-08 01:56:27,220 INFO [artifact_sync] Snapshot pushed: 374 files to branch gpu-run-artifacts.
2026-09-08T01:56:23Z snapshot ok
2026-09-08 02:26:31,199 INFO [artifact_sync] Snapshot pushed: 380 files to branch gpu-run-artifacts.
2026-09-08T02:26:27Z snapshot ok
2026-09-08 02:56:35,262 INFO [artifact_sync] Snapshot pushed: 383 files to branch gpu-run-artifacts.
2026-09-08T02:56:31Z snapshot ok
2026-09-08 03:26:39,356 INFO [artifact_sync] Snapshot pushed: 389 files to branch gpu-run-artifacts.
2026-09-08T03:26:35Z snapshot ok
2026-09-08 03:56:43,355 INFO [artifact_sync] Snapshot pushed: 392 files to branch gpu-run-artifacts.
2026-09-08T03:56:39Z snapshot ok
2026-09-08 04:26:47,567 INFO [artifact_sync] Snapshot pushed: 401 files to branch gpu-run-artifacts.
2026-09-08T04:26:43Z snapshot ok
2026-09-08 04:56:51,785 INFO [artifact_sync] Snapshot pushed: 413 files to branch gpu-run-artifacts.
2026-09-08T04:56:47Z snapshot ok
2026-09-08 05:26:55,962 INFO [artifact_sync] Snapshot pushed: 416 files to branch gpu-run-artifacts.
2026-09-08T05:26:51Z snapshot ok
2026-09-08 05:57:00,098 INFO [artifact_sync] Snapshot pushed: 420 files to branch gpu-run-artifacts.
2026-09-08T05:56:55Z snapshot ok
2026-09-08 06:27:04,196 INFO [artifact_sync] Snapshot pushed: 423 files to branch gpu-run-artifacts.
2026-09-08T06:27:00Z snapshot ok
2026-09-08 06:57:08,506 INFO [artifact_sync] Snapshot pushed: 428 files to branch gpu-run-artifacts.
2026-09-08T06:57:04Z snapshot ok
2026-09-08 07:27:13,035 INFO [artifact_sync] Snapshot pushed: 438 files to branch gpu-run-artifacts.
2026-09-08T07:27:08Z snapshot ok
2026-09-08 07:57:17,387 INFO [artifact_sync] Snapshot pushed: 452 files to branch gpu-run-artifacts.
2026-09-08T07:57:13Z snapshot ok
2026-09-08 08:27:21,995 INFO [artifact_sync] Snapshot pushed: 461 files to branch gpu-run-artifacts.
2026-09-08T08:27:17Z snapshot ok
2026-09-08 08:57:26,979 INFO [artifact_sync] Snapshot pushed: 467 files to branch gpu-run-artifacts.
2026-09-08T08:57:22Z snapshot ok
2026-09-08 09:27:31,808 INFO [artifact_sync] Snapshot pushed: 473 files to branch gpu-run-artifacts.
2026-09-08T09:27:26Z snapshot ok
2026-09-08 09:57:36,338 INFO [artifact_sync] Snapshot pushed: 479 files to branch gpu-run-artifacts.
2026-09-08T09:57:31Z snapshot ok
2026-09-08 10:27:41,148 INFO [artifact_sync] Snapshot pushed: 483 files to branch gpu-run-artifacts.
2026-09-08T10:27:36Z snapshot ok
2026-09-08 10:57:46,169 INFO [artifact_sync] Snapshot pushed: 492 files to branch gpu-run-artifacts.
2026-09-08T10:57:41Z snapshot ok
2026-09-08 11:27:50,948 INFO [artifact_sync] Snapshot pushed: 506 files to branch gpu-run-artifacts.
2026-09-08T11:27:46Z snapshot ok
2026-09-08 11:57:55,911 INFO [artifact_sync] Snapshot pushed: 512 files to branch gpu-run-artifacts.
2026-09-08T11:57:50Z snapshot ok
2026-09-08 12:28:01,153 INFO [artifact_sync] Snapshot pushed: 518 files to branch gpu-run-artifacts.
2026-09-08T12:27:55Z snapshot ok
2026-09-08 12:58:06,125 INFO [artifact_sync] Snapshot pushed: 539 files to branch gpu-run-artifacts.
2026-09-08T12:58:01Z snapshot ok
2026-09-08 13:28:11,177 INFO [artifact_sync] Snapshot pushed: 541 files to branch gpu-run-artifacts.
2026-09-08T13:28:06Z snapshot ok
2026-09-08 13:58:16,214 INFO [artifact_sync] Snapshot pushed: 542 files to branch gpu-run-artifacts.
2026-09-08T13:58:11Z snapshot ok
2026-09-08 14:28:21,546 INFO [artifact_sync] Snapshot pushed: 543 files to branch gpu-run-artifacts.
2026-09-08T14:28:16Z snapshot ok
2026-09-08 14:58:27,223 INFO [artifact_sync] Snapshot pushed: 544 files to branch gpu-run-artifacts.
2026-09-08T14:58:21Z snapshot ok
2026-09-08 15:28:33,724 INFO [artifact_sync] Snapshot pushed: 545 files to branch gpu-run-artifacts.
2026-09-08T15:28:27Z snapshot ok
2026-09-08 15:58:39,255 INFO [artifact_sync] Snapshot pushed: 545 files to branch gpu-run-artifacts.
2026-09-08T15:58:33Z snapshot ok
2026-09-08 16:28:44,833 INFO [artifact_sync] Snapshot pushed: 545 files to branch gpu-run-artifacts.
2026-09-08T16:28:39Z snapshot ok
2026-09-08 16:58:50,315 INFO [artifact_sync] Snapshot pushed: 545 files to branch gpu-run-artifacts.
2026-09-08T16:58:44Z snapshot ok
2026-09-08 17:29:00,564 INFO [artifact_sync] Snapshot pushed: 545 files to branch gpu-run-artifacts.
2026-09-08T17:28:50Z snapshot ok
2026-09-08 17:59:05,848 INFO [artifact_sync] Snapshot pushed: 546 files to branch gpu-run-artifacts.
2026-09-08T17:59:00Z snapshot ok
2026-09-08 18:29:11,485 INFO [artifact_sync] Snapshot pushed: 546 files to branch gpu-run-artifacts.
2026-09-08T18:29:05Z snapshot ok
2026-09-08 18:59:16,923 INFO [artifact_sync] Snapshot pushed: 546 files to branch gpu-run-artifacts.
2026-09-08T18:59:11Z snapshot ok
2026-09-08 19:29:22,273 INFO [artifact_sync] Snapshot pushed: 546 files to branch gpu-run-artifacts.
2026-09-08T19:29:16Z snapshot ok
2026-09-08 19:59:27,870 INFO [artifact_sync] Snapshot pushed: 546 files to branch gpu-run-artifacts.
2026-09-08T19:59:22Z snapshot ok
2026-09-08 20:29:33,084 INFO [artifact_sync] Snapshot pushed: 546 files to branch gpu-run-artifacts.
2026-09-08T20:29:27Z snapshot ok
2026-09-08 20:59:38,597 INFO [artifact_sync] Snapshot pushed: 546 files to branch gpu-run-artifacts.
2026-09-08T20:59:33Z snapshot ok
2026-09-08 21:29:43,966 INFO [artifact_sync] Snapshot pushed: 546 files to branch gpu-run-artifacts.
2026-09-08T21:29:38Z snapshot ok
2026-09-08 21:59:49,453 INFO [artifact_sync] Snapshot pushed: 546 files to branch gpu-run-artifacts.
2026-09-08T21:59:43Z snapshot ok
2026-09-08 22:29:54,722 INFO [artifact_sync] Snapshot pushed: 546 files to branch gpu-run-artifacts.
2026-09-08T22:29:49Z snapshot ok
2026-09-08 22:59:59,862 INFO [artifact_sync] Snapshot pushed: 546 files to branch gpu-run-artifacts.
2026-09-08T22:59:54Z snapshot ok
2026-09-08 23:30:05,196 INFO [artifact_sync] Snapshot pushed: 546 files to branch gpu-run-artifacts.
2026-09-08T23:29:59Z snapshot ok
2026-09-09 00:00:10,504 INFO [artifact_sync] Snapshot pushed: 546 files to branch gpu-run-artifacts.
2026-09-09T00:00:05Z snapshot ok
2026-09-09 00:30:16,893 INFO [artifact_sync] Snapshot pushed: 549 files to branch gpu-run-artifacts.
2026-09-09T00:30:10Z snapshot ok
2026-09-09 01:00:22,325 INFO [artifact_sync] Snapshot pushed: 549 files to branch gpu-run-artifacts.
2026-09-09T01:00:16Z snapshot ok
2026-09-09 01:30:27,418 INFO [artifact_sync] Snapshot pushed: 548 files to branch gpu-run-artifacts.
2026-09-09T01:30:22Z snapshot ok
2026-09-09 02:00:32,567 INFO [artifact_sync] Snapshot pushed: 549 files to branch gpu-run-artifacts.
2026-09-09T02:00:27Z snapshot ok
2026-09-09 02:30:37,842 INFO [artifact_sync] Snapshot pushed: 550 files to branch gpu-run-artifacts.
2026-09-09T02:30:32Z snapshot ok
2026-09-09 03:00:43,335 INFO [artifact_sync] Snapshot pushed: 550 files to branch gpu-run-artifacts.
2026-09-09T03:00:37Z snapshot ok
2026-09-09 03:30:48,924 INFO [artifact_sync] Snapshot pushed: 551 files to branch gpu-run-artifacts.
2026-09-09T03:30:43Z snapshot ok
2026-09-09 04:00:54,226 INFO [artifact_sync] Snapshot pushed: 552 files to branch gpu-run-artifacts.
2026-09-09T04:00:48Z snapshot ok
2026-09-09 04:30:59,598 INFO [artifact_sync] Snapshot pushed: 553 files to branch gpu-run-artifacts.
2026-09-09T04:30:54Z snapshot ok
2026-09-09 05:01:04,933 INFO [artifact_sync] Snapshot pushed: 554 files to branch gpu-run-artifacts.
2026-09-09T05:00:59Z snapshot ok
2026-09-09 05:31:10,385 INFO [artifact_sync] Snapshot pushed: 555 files to branch gpu-run-artifacts.
2026-09-09T05:31:04Z snapshot ok
2026-09-09 06:01:15,850 INFO [artifact_sync] Snapshot pushed: 556 files to branch gpu-run-artifacts.
2026-09-09T06:01:10Z snapshot ok
2026-09-09 06:31:21,383 INFO [artifact_sync] Snapshot pushed: 556 files to branch gpu-run-artifacts.
2026-09-09T06:31:15Z snapshot ok
2026-09-09 07:01:27,289 INFO [artifact_sync] Snapshot pushed: 557 files to branch gpu-run-artifacts.
2026-09-09T07:01:21Z snapshot ok
2026-09-09 07:31:33,400 INFO [artifact_sync] Snapshot pushed: 558 files to branch gpu-run-artifacts.
2026-09-09T07:31:27Z snapshot ok
2026-09-09 08:01:39,713 INFO [artifact_sync] Snapshot pushed: 558 files to branch gpu-run-artifacts.
2026-09-09T08:01:33Z snapshot ok
2026-09-09 08:31:46,663 INFO [artifact_sync] Snapshot pushed: 559 files to branch gpu-run-artifacts.
2026-09-09T08:31:39Z snapshot ok
2026-09-09 09:01:53,327 INFO [artifact_sync] Snapshot pushed: 560 files to branch gpu-run-artifacts.
2026-09-09T09:01:46Z snapshot ok
2026-09-09 09:31:59,945 INFO [artifact_sync] Snapshot pushed: 561 files to branch gpu-run-artifacts.
2026-09-09T09:31:53Z snapshot ok
2026-09-09 10:02:06,445 INFO [artifact_sync] Snapshot pushed: 561 files to branch gpu-run-artifacts.
2026-09-09T10:01:59Z snapshot ok
2026-09-09 10:32:13,055 INFO [artifact_sync] Snapshot pushed: 562 files to branch gpu-run-artifacts.
2026-09-09T10:32:06Z snapshot ok
2026-09-09 11:02:19,940 INFO [artifact_sync] Snapshot pushed: 562 files to branch gpu-run-artifacts.
2026-09-09T11:02:13Z snapshot ok
2026-09-09 11:32:26,535 INFO [artifact_sync] Snapshot pushed: 563 files to branch gpu-run-artifacts.
2026-09-09T11:32:19Z snapshot ok
2026-09-09 12:02:33,026 INFO [artifact_sync] Snapshot pushed: 563 files to branch gpu-run-artifacts.
2026-09-09T12:02:26Z snapshot ok
2026-09-09 12:32:40,394 INFO [artifact_sync] Snapshot pushed: 564 files to branch gpu-run-artifacts.
2026-09-09T12:32:33Z snapshot ok
2026-09-09 13:02:47,531 INFO [artifact_sync] Snapshot pushed: 564 files to branch gpu-run-artifacts.
2026-09-09T13:02:40Z snapshot ok
2026-09-09 13:32:54,746 INFO [artifact_sync] Snapshot pushed: 565 files to branch gpu-run-artifacts.
2026-09-09T13:32:47Z snapshot ok
2026-09-09 14:03:01,935 INFO [artifact_sync] Snapshot pushed: 565 files to branch gpu-run-artifacts.
2026-09-09T14:02:54Z snapshot ok
2026-09-09 14:33:09,266 INFO [artifact_sync] Snapshot pushed: 566 files to branch gpu-run-artifacts.
2026-09-09T14:33:01Z snapshot ok
2026-09-09 15:03:16,567 INFO [artifact_sync] Snapshot pushed: 567 files to branch gpu-run-artifacts.
2026-09-09T15:03:09Z snapshot ok
2026-09-09 15:33:24,945 INFO [artifact_sync] Snapshot pushed: 567 files to branch gpu-run-artifacts.
2026-09-09T15:33:16Z snapshot ok
2026-09-09 16:03:32,262 INFO [artifact_sync] Snapshot pushed: 568 files to branch gpu-run-artifacts.
2026-09-09T16:03:24Z snapshot ok
2026-09-09 16:33:39,544 INFO [artifact_sync] Snapshot pushed: 568 files to branch gpu-run-artifacts.
2026-09-09T16:33:32Z snapshot ok
2026-09-09 17:03:46,972 INFO [artifact_sync] Snapshot pushed: 569 files to branch gpu-run-artifacts.
2026-09-09T17:03:39Z snapshot ok
2026-09-09 17:33:54,058 INFO [artifact_sync] Snapshot pushed: 570 files to branch gpu-run-artifacts.
2026-09-09T17:33:46Z snapshot ok
2026-09-09 18:04:01,379 INFO [artifact_sync] Snapshot pushed: 570 files to branch gpu-run-artifacts.
2026-09-09T18:03:54Z snapshot ok
2026-09-09 18:34:08,436 INFO [artifact_sync] Snapshot pushed: 570 files to branch gpu-run-artifacts.
2026-09-09T18:34:01Z snapshot ok
2026-09-09 19:04:15,669 INFO [artifact_sync] Snapshot pushed: 571 files to branch gpu-run-artifacts.
2026-09-09T19:04:08Z snapshot ok
2026-09-09 19:34:22,435 INFO [artifact_sync] Snapshot pushed: 572 files to branch gpu-run-artifacts.
2026-09-09T19:34:15Z snapshot ok
2026-09-09 20:04:34,089 INFO [artifact_sync] Snapshot pushed: 572 files to branch gpu-run-artifacts.
2026-09-09T20:04:22Z snapshot ok
2026-09-09 20:34:41,438 INFO [artifact_sync] Snapshot pushed: 573 files to branch gpu-run-artifacts.
2026-09-09T20:34:34Z snapshot ok
2026-09-09 21:04:48,208 INFO [artifact_sync] Snapshot pushed: 573 files to branch gpu-run-artifacts.
2026-09-09T21:04:41Z snapshot ok
2026-09-09 21:34:55,278 INFO [artifact_sync] Snapshot pushed: 574 files to branch gpu-run-artifacts.
2026-09-09T21:34:48Z snapshot ok
2026-09-09 22:05:02,012 INFO [artifact_sync] Snapshot pushed: 574 files to branch gpu-run-artifacts.
2026-09-09T22:04:55Z snapshot ok
2026-09-09 22:35:09,759 INFO [artifact_sync] Snapshot pushed: 575 files to branch gpu-run-artifacts.
2026-09-09T22:35:02Z snapshot ok
2026-09-09 23:05:16,618 INFO [artifact_sync] Snapshot pushed: 575 files to branch gpu-run-artifacts.
2026-09-09T23:05:09Z snapshot ok
2026-09-09 23:35:23,613 INFO [artifact_sync] Snapshot pushed: 576 files to branch gpu-run-artifacts.
2026-09-09T23:35:16Z snapshot ok
2026-09-10 00:05:30,582 INFO [artifact_sync] Snapshot pushed: 576 files to branch gpu-run-artifacts.
2026-09-10T00:05:23Z snapshot ok
2026-09-10 00:35:37,539 INFO [artifact_sync] Snapshot pushed: 576 files to branch gpu-run-artifacts.
2026-09-10T00:35:30Z snapshot ok
2026-09-10 01:05:44,756 INFO [artifact_sync] Snapshot pushed: 577 files to branch gpu-run-artifacts.
2026-09-10T01:05:37Z snapshot ok
2026-09-10 01:35:51,545 INFO [artifact_sync] Snapshot pushed: 577 files to branch gpu-run-artifacts.
2026-09-10T01:35:44Z snapshot ok
2026-09-10 02:05:58,604 INFO [artifact_sync] Snapshot pushed: 578 files to branch gpu-run-artifacts.
2026-09-10T02:05:51Z snapshot ok
2026-09-10 02:36:05,909 INFO [artifact_sync] Snapshot pushed: 578 files to branch gpu-run-artifacts.
2026-09-10T02:35:58Z snapshot ok
2026-09-10 03:06:13,107 INFO [artifact_sync] Snapshot pushed: 579 files to branch gpu-run-artifacts.
2026-09-10T03:06:05Z snapshot ok
2026-09-10 03:36:20,479 INFO [artifact_sync] Snapshot pushed: 579 files to branch gpu-run-artifacts.
2026-09-10T03:36:13Z snapshot ok
2026-09-10 04:06:27,376 INFO [artifact_sync] Snapshot pushed: 580 files to branch gpu-run-artifacts.
2026-09-10T04:06:20Z snapshot ok
2026-09-10 04:36:34,776 INFO [artifact_sync] Snapshot pushed: 581 files to branch gpu-run-artifacts.
2026-09-10T04:36:27Z snapshot ok
2026-09-10 05:06:42,044 INFO [artifact_sync] Snapshot pushed: 581 files to branch gpu-run-artifacts.
2026-09-10T05:06:34Z snapshot ok
2026-09-10 05:36:48,954 INFO [artifact_sync] Snapshot pushed: 581 files to branch gpu-run-artifacts.
2026-09-10T05:36:42Z snapshot ok
2026-09-10 06:06:56,016 INFO [artifact_sync] Snapshot pushed: 582 files to branch gpu-run-artifacts.
2026-09-10T06:06:48Z snapshot ok
2026-09-10 06:37:03,320 INFO [artifact_sync] Snapshot pushed: 583 files to branch gpu-run-artifacts.
2026-09-10T06:36:56Z snapshot ok
2026-09-10 07:07:10,870 INFO [artifact_sync] Snapshot pushed: 584 files to branch gpu-run-artifacts.
2026-09-10T07:07:03Z snapshot ok
2026-09-10 07:37:18,536 INFO [artifact_sync] Snapshot pushed: 585 files to branch gpu-run-artifacts.
2026-09-10T07:37:10Z snapshot ok
2026-09-10 08:07:26,227 INFO [artifact_sync] Snapshot pushed: 585 files to branch gpu-run-artifacts.
2026-09-10T08:07:18Z snapshot ok
2026-09-10 08:37:34,034 INFO [artifact_sync] Snapshot pushed: 586 files to branch gpu-run-artifacts.
2026-09-10T08:37:26Z snapshot ok
2026-09-10 09:07:41,696 INFO [artifact_sync] Snapshot pushed: 587 files to branch gpu-run-artifacts.
2026-09-10T09:07:34Z snapshot ok
2026-09-10 09:37:49,283 INFO [artifact_sync] Snapshot pushed: 588 files to branch gpu-run-artifacts.
2026-09-10T09:37:41Z snapshot ok
2026-09-10 10:07:56,748 INFO [artifact_sync] Snapshot pushed: 588 files to branch gpu-run-artifacts.
2026-09-10T10:07:49Z snapshot ok
2026-09-10 10:38:04,676 INFO [artifact_sync] Snapshot pushed: 589 files to branch gpu-run-artifacts.
2026-09-10T10:37:56Z snapshot ok
2026-09-10 11:08:12,498 INFO [artifact_sync] Snapshot pushed: 590 files to branch gpu-run-artifacts.
2026-09-10T11:08:04Z snapshot ok
2026-09-10 11:38:20,195 INFO [artifact_sync] Snapshot pushed: 591 files to branch gpu-run-artifacts.
2026-09-10T11:38:12Z snapshot ok
2026-09-10 12:08:28,032 INFO [artifact_sync] Snapshot pushed: 592 files to branch gpu-run-artifacts.
2026-09-10T12:08:20Z snapshot ok
2026-09-10 12:38:36,134 INFO [artifact_sync] Snapshot pushed: 592 files to branch gpu-run-artifacts.
2026-09-10T12:38:28Z snapshot ok
2026-09-10 13:08:44,535 INFO [artifact_sync] Snapshot pushed: 593 files to branch gpu-run-artifacts.
2026-09-10T13:08:36Z snapshot ok
2026-09-10 13:38:52,559 INFO [artifact_sync] Snapshot pushed: 593 files to branch gpu-run-artifacts.
2026-09-10T13:38:44Z snapshot ok
2026-09-10 14:09:00,961 INFO [artifact_sync] Snapshot pushed: 594 files to branch gpu-run-artifacts.
2026-09-10T14:08:52Z snapshot ok
